// Jest Snapshot v1, https://goo.gl/fbAQLP

exports[`WeatherDisplay renders correctly 1`] = `
<div>
  <p>
    Current weather for: 
    <b>
      Helsinki
    </b>
  </p>
  <p>
    Temperature: 
    <b>
      0
       Â°C
    </b>
  </p>
</div>
`;
